===================================================
執行開始時間（台北）：2026-08-06 16:26:31 CST
觸發方式：schedule（cron='0 6-13 * * *'）
執行參數：build_data.py --refresh
FINMIND_TOKEN：有設定
---------------------------------------------------
開始接續全量更新 503 檔（token=有，既有 503 檔）...
  [1/503] 2330 台積電  > 抓取中…
  [2/503] 2303 聯電  > 抓取中…
  [3/503] 6770 力積電  > 抓取中…
  [4/503] 2454 聯發科  > 抓取中…
  [5/503] 3034 聯詠  > 抓取中…
  [6/503] 3661 世芯-KY  > 抓取中…
  [7/503] 3443 創意  > 抓取中…
  [8/503] 4966 譜瑞-KY  > 抓取中…
  [9/503] 2379 瑞昱  > 抓取中…
  [10/503] 5269 祥碩  > 抓取中…
  [11/503] 3035 智原  > 抓取中…
  [12/503] 6533 晶心科  > 抓取中…
  [13/503] 6643 M31  > 抓取中…
  [14/503] 2344 華邦電  > 抓取中…
  [15/503] 2408 南亞科  > 抓取中…
  [16/503] 8299 群聯  > 抓取中…
  [17/503] 4967 十銓  > 抓取中…
  [18/503] 5289 宜鼎  > 抓取中…
  [19/503] 2327 國巨*  > 抓取中…
  [20/503] 3042 晶技  > 抓取中…
  [21/503] 2492 華新科  > 抓取中…
  [22/503] 2484 希華  > 抓取中…
  [23/503] 2383 台光電  > 抓取中…
  [24/503] 6274 台燿  > 抓取中…
  [25/503] 8358 金居  > 抓取中…
  [26/503] 6213 聯茂  > 抓取中…
  [27/503] 4763 材料*-KY  > 抓取中…
  [28/503] 3037 欣興  > 抓取中…
  [29/503] 8046 南電  > 抓取中…
  [30/503] 3189 景碩  > 抓取中…
  [31/503] 2368 金像電  > 抓取中…
  [32/503] 3044 健鼎  > 抓取中…
  [33/503] 2313 華通  > 抓取中…
  [34/503] 3017 奇鋐  > 抓取中…
  [35/503] 3324 雙鴻  > 抓取中…
  [36/503] 3653 健策  > 抓取中…
  [37/503] 6230 尼得科超眾  > 抓取中…
  [38/503] 4979 華星光  > 抓取中…
  [39/503] 4977 眾達-KY  > 抓取中…
  [40/503] 3081 聯亞  > 抓取中…
  [41/503] 3450 聯鈞  > 抓取中…
  [42/503] 3665 貿聯-KY  > 抓取中…
  [43/503] 3023 信邦  > 抓取中…
  [44/503] 2392 正崴  > 抓取中…
  [45/503] 2308 台達電  > 抓取中…
  [46/503] 2301 光寶科  > 抓取中…
  [47/503] 3015 全漢  > 抓取中…
  [48/503] 2317 鴻海  > 抓取中…
  [49/503] 6669 緯穎  > 抓取中…
  [50/503] 2382 廣達  > 抓取中…
  [51/503] 3231 緯創  > 抓取中…
  [52/503] 4938 和碩  > 抓取中…
  [53/503] 2376 技嘉  > 抓取中…
  [54/503] 2357 華碩  > 抓取中…
  [55/503] 2356 英業達  > 抓取中…
  [56/503] 3680 家登  > 抓取中…
  [57/503] 6510 精測  > 抓取中…
  [58/503] 6223 旺矽  > 抓取中…
  [59/503] 2360 致茂  > 抓取中…
  [60/503] 3481 群創  > 抓取中…
  [61/503] 4958 臻鼎-KY  > 抓取中…
  [62/503] 2409 友達  > 抓取中…
  [63/503] 6239 力成  > 抓取中…
  [64/503] 3711 日月光投控  > 抓取中…
  [65/503] 2337 旺宏  > 抓取中…
  [66/503] 1303 南亞  > 抓取中…
  [67/503] 2449 京元電子  > 抓取中…
  [68/503] 3008 大立光  > 抓取中…
  [69/503] 3105 穩懋  > 抓取中…
  [70/503] 2455 全新  > 抓取中…
  [71/503] 2345 智邦  > 抓取中…
  [72/503] 6182 合晶  > 抓取中…
  [73/503] 1301 台塑  > 抓取中…
  [74/503] 8996 高力  > 抓取中…
  [75/503] 1802 台玻  > 抓取中…
  [76/503] 2478 大毅  > 抓取中…
  [77/503] 3090 日電貿  > 抓取中…
  [78/503] 8150 南茂  > 抓取中…
  [79/503] 2002 中鋼  > 抓取中…
  [80/503] 2472 立隆電  > 抓取中…
  [81/503] 3260 威剛  > 抓取中…
  [82/503] 6116 彩晶  > 抓取中…
  [83/503] 8043 蜜望實  > 抓取中…
  [84/503] 1815 富喬  > 抓取中…
  [85/503] 6531 愛普*  > 抓取中…
  [86/503] 5351 鈺創  > 抓取中…
  [87/503] 1785 光洋科  > 抓取中…
  [88/503] 3491 昇達科  > 抓取中…
  [89/503] 4904 遠傳  > 抓取中…
  [90/503] 5274 信驊  > 抓取中…
  [91/503] 6207 雷科  > 抓取中…
  [92/503] 5483 中美晶  > 抓取中…
  [93/503] 6285 啟碁  > 抓取中…
  [94/503] 2207 和泰車  > 抓取中…
  [95/503] 3357 臺慶科  > 抓取中…
  [96/503] 3211 順達  > 抓取中…
  [97/503] 2375 凱美  > 抓取中…
  [98/503] 2404 漢唐  > 抓取中…
  [99/503] 6257 矽格  > 抓取中…
  [100/503] 6415 矽力*-KY  > 抓取中…
  [101/503] 4919 新唐  > 抓取中…
  [102/503] 3036 文曄  > 抓取中…
  [103/503] 3264 欣銓  > 抓取中…
  [104/503] 3406 玉晶光  > 抓取中…
  [105/503] 2464 盟立  > 抓取中…
  [106/503] 3006 晶豪科  > 抓取中…
  [107/503] 8064 東捷  > 抓取中…
  [108/503] 1519 華城  > 抓取中…
  [109/503] 2426 鼎元  > 抓取中…
  [110/503] 2603 長榮  > 抓取中…
  [111/503] 1513 中興電  > 抓取中…
  [112/503] 5347 世界  > 抓取中…
  [113/503] 2059 川湖  > 抓取中…
  [114/503] 3374 精材  > 抓取中…
  [115/503] 3131 弘塑  > 抓取中…
  [116/503] 6446 藥華藥  > 抓取中…
  [117/503] 6209 今國光  > 抓取中…
  [118/503] 6147 頎邦  > 抓取中…
  [119/503] 2486 一詮  > 抓取中…
  [120/503] 3624 光頡  > 抓取中…
  [121/503] 2618 長榮航  > 抓取中…
  !! 觸發 FinMind 額度限制（HTTP 402）：保留已完成資料，提前結束。稍後再跑一次可補齊。
  [122/503] 3673 TPK-KY  > 略過（額度限制）
  [123/503] 2324 仁寶  > 略過（額度限制）
  [124/503] 3532 台勝科  > 略過（額度限制）
  [125/503] 3707 漢磊  > 略過（額度限制）
  [126/503] 5328 華容  > 略過（額度限制）
  [127/503] 2351 順德  > 略過（額度限制）
  [128/503] 3533 嘉澤  > 略過（額度限制）
  [129/503] 2458 義隆  > 略過（額度限制）
  [130/503] 6217 中探針  > 略過（額度限制）
  [131/503] 3583 辛耘  > 略過（額度限制）
  [132/503] 1605 華新  > 略過（額度限制）
  [133/503] 6139 亞翔  > 略過（額度限制）
  [134/503] 6451 訊芯-KY  > 略過（額度限制）
  [135/503] 6449 鈺邦  > 略過（額度限制）
  [136/503] 3702 大聯大  > 略過（額度限制）
  [137/503] 4931 新盛力  > 略過（額度限制）
  [138/503] 2610 華航  > 略過（額度限制）
  [139/503] 8028 昇陽半導體  > 略過（額度限制）
  [140/503] 6271 同欣電  > 略過（額度限制）
  [141/503] 6789 采鈺  > 略過（額度限制）
  [142/503] 6155 鈞寶  > 略過（額度限制）
  [143/503] 2395 研華  > 略過（額度限制）
  [144/503] 6488 環球晶  > 略過（額度限制）
  [145/503] 1216 統一  > 略過（額度限制）
  [146/503] 2388 威盛  > 略過（額度限制）
  [147/503] 8096 擎亞  > 略過（額度限制）
  [148/503] 3715 定穎投控  > 略過（額度限制）
  [149/503] 6290 良維  > 略過（額度限制）
  [150/503] 1503 士電  > 略過（額度限制）
  [151/503] 2481 強茂  > 略過（額度限制）
  [152/503] 2441 超豐  > 略過（額度限制）
  [153/503] 6515 穎崴  > 略過（額度限制）
  [154/503] 5871 中租-KY  > 略過（額度限制）
  [155/503] 2451 創見  > 略過（額度限制）
  [156/503] 2609 陽明  > 略過（額度限制）
  [157/503] 6672 騰輝電子-KY  > 略過（額度限制）
  [158/503] 1326 台化  > 略過（額度限制）
  [159/503] 1590 亞德客-KY  > 略過（額度限制）
  [160/503] 2353 宏碁  > 略過（額度限制）
  [161/503] 6683 雍智科技  > 略過（額度限制）
  [162/503] 8112 至上  > 略過（額度限制）
  [163/503] 4764 雙鍵  > 略過（額度限制）
  [164/503] 2377 微星  > 略過（額度限制）
  [165/503] 3529 力旺  > 略過（額度限制）
  [166/503] 2342 茂矽  > 略過（額度限制）
  [167/503] 8210 勤誠  > 略過（額度限制）
  [168/503] 2049 上銀  > 略過（額度限制）
  [169/503] 6805 富世達  > 略過（額度限制）
  [170/503] 2912 統一超  > 略過（額度限制）
  [171/503] 3234 光環  > 略過（額度限制）
  [172/503] 6197 佳必琪  > 略過（額度限制）
  [173/503] 2474 可成  > 略過（額度限制）
  [174/503] 3016 嘉晶  > 略過（額度限制）
  [175/503] 3293 鈊象  > 略過（額度限制）
  [176/503] 6187 萬潤  > 略過（額度限制）
  [177/503] 4722 國精化  > 略過（額度限制）
  [178/503] 3312 弘憶股  > 略過（額度限制）
  [179/503] 6269 台郡  > 略過（額度限制）
  [180/503] 3026 禾伸堂  > 略過（額度限制）
  [181/503] 2412 中華電  > 略過（額度限制）
  [182/503] 2302 麗正  > 略過（額度限制）
  [183/503] 3362 先進光  > 略過（額度限制）
  [184/503] 6727 亞泰金屬  > 略過（額度限制）
  [185/503] 1504 東元  > 略過（額度限制）
  [186/503] 2915 潤泰全  > 略過（額度限制）
  [187/503] 6781 AES-KY  > 略過（額度限制）
  [188/503] 3363 上詮  > 略過（額度限制）
  [189/503] 2489 瑞軒  > 略過（額度限制）
  [190/503] 3163 波若威  > 略過（額度限制）
  [191/503] 8069 元太  > 略過（額度限制）
  [192/503] 3019 亞光  > 略過（額度限制）
  [193/503] 6278 台表科  > 略過（額度限制）
  [194/503] 6442 光聖  > 略過（額度限制）
  [195/503] 6175 立敦  > 略過（額度限制）
  [196/503] 6742 澤米  > 略過（額度限制）
  [197/503] 8081 致新  > 略過（額度限制）
  [198/503] 8936 國統  > 略過（額度限制）
  [199/503] 2428 興勤  > 略過（額度限制）
  [200/503] 6196 帆宣  > 略過（額度限制）
  [201/503] 6282 康舒  > 略過（額度限制）
  [202/503] 6719 力智  > 略過（額度限制）
  [203/503] 3714 富采  > 略過（額度限制）
  [204/503] 2369 菱生  > 略過（額度限制）
  [205/503] 8110 華東  > 略過（額度限制）
  [206/503] 3706 神達  > 略過（額度限制）
  [207/503] 1727 中華化  > 略過（額度限制）
  [208/503] 1319 東陽  > 略過（額度限制）
  [209/503] 1514 亞力  > 略過（額度限制）
  [210/503] 8039 台虹  > 略過（額度限制）
  [211/503] 8021 尖點  > 略過（額度限制）
  [212/503] 6191 精成科  > 略過（額度限制）
  [213/503] 6525 捷敏-KY  > 略過（額度限制）
  [214/503] 1905 華紙  > 略過（額度限制）
  [215/503] 8016 矽創  > 略過（額度限制）
  [216/503] 2498 宏達電  > 略過（額度限制）
  [217/503] 1560 中砂  > 略過（額度限制）
  [218/503] 3045 台灣大  > 略過（額度限制）
  [219/503] 8033 雷虎  > 略過（額度限制）
  [220/503] 2367 燿華  > 略過（額度限制）
  [221/503] 2312 金寶  > 略過（額度限制）
  [222/503] 1477 聚陽  > 略過（額度限制）
  [223/503] 5469 瀚宇博  > 略過（額度限制）
  [224/503] 6176 瑞儀  > 略過（額度限制）
  [225/503] 2332 友訊  > 略過（額度限制）
  [226/503] 8131 福懋科  > 略過（額度限制）
  [227/503] 1717 長興  > 略過（額度限制）
  [228/503] 4551 智伸科  > 略過（額度限制）
  [229/503] 1711 永光  > 略過（額度限制）
  [230/503] 2467 志聖  > 略過（額度限制）
  [231/503] 4906 正文  > 略過（額度限制）
  [232/503] 4916 事欣科  > 略過（額度限制）
  [233/503] 1708 東鹼  > 略過（額度限制）
  [234/503] 6834 天二科技  > 略過（額度限制）
  [235/503] 2542 興富發  > 略過（額度限制）
  [236/503] 3376 新日興  > 略過（額度限制）
  [237/503] 2401 凌陽  > 略過（額度限制）
  [238/503] 2363 矽統  > 略過（額度限制）
  [239/503] 5285 界霖  > 略過（額度限制）
  [240/503] 4989 榮科  > 略過（額度限制）
  [241/503] 2436 偉詮電  > 略過（額度限制）
  [242/503] 1409 新纖  > 略過（額度限制）
  [243/503] 1101 台泥  > 略過（額度限制）
  [244/503] 5434 崇越  > 略過（額度限制）
  [245/503] 2340 台亞  > 略過（額度限制）
  [246/503] 2634 漢翔  > 略過（額度限制）
  [247/503] 1402 遠東新  > 略過（額度限制）
  [248/503] 6862 三集瑞-KY  > 略過（額度限制）
  [249/503] 1809 中釉  > 略過（額度限制）
  [250/503] 3060 銘異  > 略過（額度限制）
  [251/503] 2402 毅嘉  > 略過（額度限制）
  [252/503] 6526 達發  > 略過（額度限制）
  [253/503] 3413 京鼎  > 略過（額度限制）
  [254/503] 2399 映泰  > 略過（額度限制）
  [255/503] 4576 大銀微系統  > 略過（額度限制）
  [256/503] 1476 儒鴻  > 略過（額度限制）
  [257/503] 3030 德律  > 略過（額度限制）
  [258/503] 3149 正達  > 略過（額度限制）
  [259/503] 6153 嘉聯益  > 略過（額度限制）
  [260/503] 3550 聯穎  > 略過（額度限制）
  [261/503] 8271 宇瞻  > 略過（額度限制）
  [262/503] 2329 華泰  > 略過（額度限制）
  [263/503] 1102 亞泥  > 略過（額度限制）
  [264/503] 3033 威健  > 略過（額度限制）
  [265/503] 6214 精誠  > 略過（額度限制）
  [266/503] 6166 凌華  > 略過（額度限制）
  [267/503] 2485 兆赫  > 略過（額度限制）
  [268/503] 2493 揚博  > 略過（額度限制）
  [269/503] 6830 汎銓  > 略過（額度限制）
  [270/503] 6472 保瑞  > 略過（額度限制）
  [271/503] 6409 旭隼  > 略過（額度限制）
  [272/503] 5471 松翰  > 略過（額度限制）
  [273/503] 8926 台汽電  > 略過（額度限制）
  [274/503] 3048 益登  > 略過（額度限制）
  [275/503] 3005 神基  > 略過（額度限制）
  [276/503] 4526 東台  > 略過（額度限制）
  [277/503] 2421 建準  > 略過（額度限制）
  [278/503] 6715 嘉基  > 略過（額度限制）
  [279/503] 2027 大成鋼  > 略過（額度限制）
  [280/503] 6902 GOGOLOOK-創  > 略過（額度限制）
  [281/503] 2105 正新  > 略過（額度限制）
  [282/503] 2305 全友  > 略過（額度限制）
  [283/503] 9904 寶成  > 略過（額度限制）
  [284/503] 2354 鴻準  > 略過（額度限制）
  [285/503] 3305 昇貿  > 略過（額度限制）
  [286/503] 3028 增你強  > 略過（額度限制）
  [287/503] 2006 東和鋼鐵  > 略過（額度限制）
  [288/503] 9958 世紀鋼  > 略過（額度限制）
  [289/503] 2615 萬海  > 略過（額度限制）
  [290/503] 8105 凌巨  > 略過（額度限制）
  [291/503] 4739 康普  > 略過（額度限制）
  [292/503] 2457 飛宏  > 略過（額度限制）
  [293/503] 8070 長華*  > 略過（額度限制）
  [294/503] 6168 宏齊  > 略過（額度限制）
  [295/503] 4927 泰鼎-KY  > 略過（額度限制）
  [296/503] 2476 鉅祥  > 略過（額度限制）
  [297/503] 6861 睿生光電  > 略過（額度限制）
  [298/503] 2355 敬鵬  > 略過（額度限制）
  [299/503] 3563 牧德  > 略過（額度限制）
  [300/503] 3592 瑞鼎  > 略過（額度限制）
  [301/503] 6706 惠特  > 略過（額度限制）
  [302/503] 2316 楠梓電  > 略過（額度限制）
  [303/503] 2645 長榮航太  > 略過（額度限制）
  [304/503] 6202 盛群  > 略過（額度限制）
  [305/503] 1714 和桐  > 略過（額度限制）
  [306/503] 4766 南寶  > 略過（額度限制）
  [307/503] 2633 台灣高鐵  > 略過（額度限制）
  [308/503] 6691 洋基工程  > 略過（額度限制）
  [309/503] 2385 群光  > 略過（額度限制）
  [310/503] 3535 晶彩科  > 略過（額度限制）
  [311/503] 6456 GIS-KY  > 略過（額度限制）
  [312/503] 3014 聯陽  > 略過（額度限制）
  [313/503] 2406 國碩  > 略過（額度限制）
  [314/503] 6414 樺漢  > 略過（額度限制）
  [315/503] 2606 裕民  > 略過（額度限制）
  [316/503] 6412 群電  > 略過（額度限制）
  [317/503] 3167 大量  > 略過（額度限制）
  [318/503] 2371 大同  > 略過（額度限制）
  [319/503] 3010 華立  > 略過（額度限制）
  [320/503] 2347 聯強  > 略過（額度限制）
  [321/503] 6505 台塑化  > 略過（額度限制）
  [322/503] 2495 普安  > 略過（額度限制）
  [323/503] 3094 聯傑  > 略過（額度限制）
  [324/503] 6443 元晶  > 略過（額度限制）
  [325/503] 5243 乙盛-KY  > 略過（額度限制）
  [326/503] 6670 復盛應用  > 略過（額度限制）
  [327/503] 3596 智易  > 略過（額度限制）
  [328/503] 6962 奕力-KY  > 略過（額度限制）
  [329/503] 8464 億豐  > 略過（額度限制）
  [330/503] 8422 可寧衛  > 略過（額度限制）
  [331/503] 8104 錸寶  > 略過（額度限制）
  [332/503] 2374 佳能  > 略過（額度限制）
  [333/503] 3504 揚明光  > 略過（額度限制）
  [334/503] 1314 中石化  > 略過（額度限制）
  [335/503] 2233 宇隆  > 略過（額度限制）
  [336/503] 9910 豐泰  > 略過（額度限制）
  [337/503] 2548 華固  > 略過（額度限制）
  [338/503] 3059 華晶科  > 略過（額度限制）
  [339/503] 4976 佳凌  > 略過（額度限制）
  [340/503] 6405 悅城  > 略過（額度限制）
  [341/503] 6753 龍德造船  > 略過（額度限制）
  [342/503] 5388 中磊  > 略過（額度限制）
  [343/503] 2359 所羅門  > 略過（額度限制）
  [344/503] 2338 光罩  > 略過（額度限制）
  [345/503] 2241 艾姆勒  > 略過（額度限制）
  [346/503] 3605 宏致  > 略過（額度限制）
  [347/503] 9945 潤泰新  > 略過（額度限制）
  [348/503] 3576 聯合再生  > 略過（額度限制）
  [349/503] 6177 達麗  > 略過（額度限制）
  [350/503] 8454 富邦媒  > 略過（額度限制）
  [351/503] 8261 富鼎  > 略過（額度限制）
  [352/503] 2101 南港  > 略過（額度限制）
  [353/503] 2483 百容  > 略過（額度限制）
  [354/503] 2328 廣宇  > 略過（額度限制）
  [355/503] 4915 致伸  > 略過（額度限制）
  [356/503] 1597 直得  > 略過（額度限制）
  [357/503] 1312 國喬  > 略過（額度限制）
  [358/503] 3528 安馳  > 略過（額度限制）
  [359/503] 9933 中鼎  > 略過（額度限制）
  [360/503] 1795 美時  > 略過（額度限制）
  [361/503] 8163 達方  > 略過（額度限制）
  [362/503] 4961 天鈺  > 略過（額度限制）
  [363/503] 5284 jpp-KY  > 略過（額度限制）
  [364/503] 1609 大亞  > 略過（額度限制）
  [365/503] 2352 佳世達  > 略過（額度限制）
  [366/503] 6799 來頡  > 略過（額度限制）
  [367/503] 5534 長虹  > 略過（額度限制）
  [368/503] 8114 振樺電  > 略過（額度限制）
  [369/503] 1582 信錦  > 略過（額度限制）
  [370/503] 6949 沛爾生醫-創  > 略過（額度限制）
  [371/503] 2504 國產  > 略過（額度限制）
  [372/503] 5522 遠雄  > 略過（額度限制）
  [373/503] 6585 鼎基  > 略過（額度限制）
  [374/503] 2520 冠德  > 略過（額度限制）
  [375/503] 2501 國建  > 略過（額度限制）
  [376/503] 2323 中環  > 略過（額度限制）
  [377/503] 7749 意騰-KY  > 略過（額度限制）
  [378/503] 3041 揚智  > 略過（額度限制）
  [379/503] 6695 芯鼎  > 略過（額度限制）
  [380/503] 3013 晟銘電  > 略過（額度限制）
  [381/503] 6757 台灣虎航-創  > 略過（額度限制）
  [382/503] 3645 達邁  > 略過（額度限制）
  [383/503] 1536 和大  > 略過（額度限制）
  [384/503] 6224 聚鼎  > 略過（額度限制）
  [385/503] 2605 新興  > 略過（額度限制）
  [386/503] 3545 敦泰  > 略過（額度限制）
  [387/503] 6426 統新  > 略過（額度限制）
  [388/503] 9921 巨大  > 略過（額度限制）
  [389/503] 9914 美利達  > 略過（額度限制）
  [390/503] 1310 台苯  > 略過（額度限制）
  [391/503] 2348 海悅  > 略過（額度限制）
  [392/503] 9939 宏全  > 略過（額度限制）
  [393/503] 2515 中工  > 略過（額度限制）
  [394/503] 4952 凌通  > 略過（額度限制）
  [395/503] 4968 立積  > 略過（額度限制）
  [396/503] 2413 環科  > 略過（額度限制）
  [397/503] 3257 虹冠電  > 略過（額度限制）
  [398/503] 2393 億光  > 略過（額度限制）
  [399/503] 3515 華擎  > 略過（額度限制）
  [400/503] 3588 通嘉  > 略過（額度限制）
  [401/503] 2439 美律  > 略過（額度限制）
  [402/503] 3055 蔚華科  > 略過（額度限制）
  [403/503] 3003 健和興  > 略過（額度限制）
  [404/503] 1568 倉佑  > 略過（額度限制）
  [405/503] 3704 合勤控  > 略過（額度限制）
  [406/503] 1229 聯華  > 略過（額度限制）
  [407/503] 2731 雄獅  > 略過（額度限制）
  [408/503] 6658 聯策  > 略過（額度限制）
  [409/503] 2014 中鴻  > 略過（額度限制）
  [410/503] 2637 慧洋-KY  > 略過（額度限制）
  [411/503] 6206 飛捷  > 略過（額度限制）
  [412/503] 3380 明泰  > 略過（額度限制）
  [413/503] 8162 微矽電子-創  > 略過（額度限制）
  [414/503] 9907 統一實  > 略過（額度限制）
  [415/503] 6579 研揚  > 略過（額度限制）
  [416/503] 3062 建漢  > 略過（額度限制）
  [417/503] 8215 明基材  > 略過（額度限制）
  [418/503] 5234 達興材料  > 略過（額度限制）
  [419/503] 9917 中保科  > 略過（額度限制）
  [420/503] 2201 裕隆  > 略過（額度限制）
  [421/503] 1608 華榮  > 略過（額度限制）
  [422/503] 2331 精英  > 略過（額度限制）
  [423/503] 3209 全科  > 略過（額度限制）
  [424/503] 6438 迅得  > 略過（額度限制）
  [425/503] 5222 全訊  > 略過（額度限制）
  [426/503] 1718 中纖  > 略過（額度限制）
  [427/503] 2753 八方雲集  > 略過（額度限制）
  [428/503] 4540 全球傳動  > 略過（額度限制）
  [429/503] 6668 中揚光  > 略過（額度限制）
  [430/503] 1721 三晃  > 略過（額度限制）
  [431/503] 1722 台肥  > 略過（額度限制）
  [432/503] 6698 旭暉應材  > 略過（額度限制）
  [433/503] 6205 詮欣  > 略過（額度限制）
  [434/503] 4960 誠美材  > 略過（額度限制）
  [435/503] 3049 精金  > 略過（額度限制）
  [436/503] 2465 麗臺  > 略過（額度限制）
  [437/503] 1342 八貫  > 略過（額度限制）
  [438/503] 3031 佰鴻  > 略過（額度限制）
  [439/503] 3694 海華  > 略過（額度限制）
  [440/503] 1808 潤隆  > 略過（額度限制）
  [441/503] 8473 山林水  > 略過（額度限制）
  [442/503] 1313 聯成  > 略過（額度限制）
  [443/503] 3652 精聯  > 略過（額度限制）
  [444/503] 1304 台聚  > 略過（額度限制）
  [445/503] 1810 和成  > 略過（額度限制）
  [446/503] 3708 上緯投控  > 略過（額度限制）
  [447/503] 2630 亞航  > 略過（額度限制）
  [448/503] 2727 王品  > 略過（額度限制）
  [449/503] 2243 宏旭-KY  > 略過（額度限制）
  [450/503] 1773 勝一  > 略過（額度限制）
  [451/503] 9941 裕融  > 略過（額度限制）
  [452/503] 6215 和椿  > 略過（額度限制）
  [453/503] 8476 台境  > 略過（額度限制）
  [454/503] 2425 承啟  > 略過（額度限制）
  [455/503] 3029 零壹  > 略過（額度限制）
  [456/503] 6937 天虹  > 略過（額度限制）
  [457/503] 6605 帝寶  > 略過（額度限制）
  [458/503] 6189 豐藝  > 略過（額度限制）
  [459/503] 2030 彰源  > 略過（額度限制）
  [460/503] 1723 中碳  > 略過（額度限制）
  [461/503] 8438 昶昕  > 略過（額度限制）
  [462/503] 2597 潤弘  > 略過（額度限制）
  [463/503] 6491 晶碩  > 略過（額度限制）
  [464/503] 3002 歐格  > 略過（額度限制）
  [465/503] 2405 輔信  > 略過（額度限制）
  [466/503] 1215 卜蜂  > 略過（額度限制）
  [467/503] 3311 閎暉  > 略過（額度限制）
  [468/503] 1710 東聯  > 略過（額度限制）
  [469/503] 3138 耀登  > 略過（額度限制）
  [470/503] 1210 大成  > 略過（額度限制）
  [471/503] 2543 皇昌  > 略過（額度限制）
  [472/503] 3022 威強電  > 略過（額度限制）
  [473/503] 2903 遠百  > 略過（額度限制）
  [474/503] 1907 永豐餘  > 略過（額度限制）
  [475/503] 1904 正隆  > 略過（額度限制）
  [476/503] 2362 藍天  > 略過（額度限制）
  [477/503] 4583 台灣精銳  > 略過（額度限制）
  [478/503] 6768 志強-KY  > 略過（額度限制）
  [479/503] 2429 銘旺科  > 略過（額度限制）
  [480/503] 6243 迅杰  > 略過（額度限制）
  [481/503] 4770 上品  > 略過（額度限制）
  [482/503] 6901 鑽石投資  > 略過（額度限制）
  [483/503] 2349 錸德  > 略過（額度限制）
  [484/503] 1736 喬山  > 略過（額度限制）
  [485/503] 4956 光鋐  > 略過（額度限制）
  [486/503] 2480 敦陽科  > 略過（額度限制）
  [487/503] 2208 台船  > 略過（額度限制）
  [488/503] 1434 福懋  > 略過（額度限制）
  [489/503] 1104 環泥  > 略過（額度限制）
  [490/503] 6756 威鋒電子  > 略過（額度限制）
  [491/503] 1528 恩德  > 略過（額度限制）
  [492/503] 2420 新巨  > 略過（額度限制）
  [493/503] 3717 聯嘉投控  > 略過（額度限制）
  [494/503] 2466 冠西電  > 略過（額度限制）
  [495/503] 3338 泰碩  > 略過（額度限制）
  [496/503] 2009 第一銅  > 略過（額度限制）
  [497/503] 2103 台橡  > 略過（額度限制）
  [498/503] 3591 艾笛森  > 略過（額度限制）
  [499/503] 3032 偉訓  > 略過（額度限制）
  [500/503] 6120 達運  > 略過（額度限制）
  [501/503] 8042 金山電  > 略過（額度限制）
  [502/503] 6435 大中  > 略過（額度限制）
  [503/503] 5439 高技  > 略過（額度限制）

完成！已寫出 /home/runner/work/TaiwanStock_Analysis/TaiwanStock_Analysis/data/data.js
  股價更新 503 檔、新抓財報 120、沿用 0、略過 382
  目前有財報資料 503/503 檔
  [!] 部分個股尚無資料或股價未更新（多因額度）。稍後再跑即可補齊。
  更新時間 2026-08-06T16:34:22+08:00
---------------------------------------------------
執行結束時間（台北）：2026-08-06 16:34:22 CST
程式結束碼（exit code）：2  （0=全部成功；2=部分缺漏，多因 FinMind 額度限制）
===================================================
