===================================================
執行開始時間（台北）：2026-06-23 17:44:41 CST
觸發方式：workflow_dispatch
FINMIND_TOKEN：有設定
---------------------------------------------------
開始增量更新 200 檔（token=有，既有 200 檔）...
  [1/200] 2330 台積電  > 沿用既有
  [2/200] 2303 聯電  > 沿用既有
  [3/200] 6770 力積電  > 沿用既有
  [4/200] 2454 聯發科  > 沿用既有
  [5/200] 3034 聯詠  > 沿用既有
  [6/200] 3661 世芯-KY  > 沿用既有
  [7/200] 3443 創意  > 沿用既有
  [8/200] 4966 譜瑞-KY  > 沿用既有
  [9/200] 2379 瑞昱  > 沿用既有
  [10/200] 5269 祥碩  > 沿用既有
  [11/200] 3035 智原  > 沿用既有
  [12/200] 6533 晶心科  > 沿用既有
  [13/200] 6643 M31  > 沿用既有
  [14/200] 2344 華邦電  > 沿用既有
  [15/200] 2408 南亞科  > 沿用既有
  [16/200] 8299 群聯  > 沿用既有
  [17/200] 4967 十銓  > 沿用既有
  [18/200] 5289 宜鼎  > 沿用既有
  [19/200] 2327 國巨*  > 沿用既有
  [20/200] 3042 晶技  > 沿用既有
  [21/200] 2492 華新科  > 沿用既有
  [22/200] 2484 希華  > 沿用既有
  [23/200] 2383 台光電  > 沿用既有
  [24/200] 6274 台燿  > 沿用既有
  [25/200] 8358 金居  > 沿用既有
  [26/200] 6213 聯茂  > 沿用既有
  [27/200] 4763 材料*-KY  > 沿用既有
  [28/200] 3037 欣興  > 沿用既有
  [29/200] 8046 南電  > 沿用既有
  [30/200] 3189 景碩  > 沿用既有
  [31/200] 2368 金像電  > 沿用既有
  [32/200] 3044 健鼎  > 沿用既有
  [33/200] 2313 華通  > 沿用既有
  [34/200] 3017 奇鋐  > 沿用既有
  [35/200] 3324 雙鴻  > 沿用既有
  [36/200] 3653 健策  > 沿用既有
  [37/200] 6230 尼得科超眾  > 沿用既有
  [38/200] 4979 華星光  > 沿用既有
  [39/200] 4977 眾達-KY  > 沿用既有
  [40/200] 3081 聯亞  > 沿用既有
  [41/200] 3450 聯鈞  > 沿用既有
  [42/200] 3665 貿聯-KY  > 沿用既有
  [43/200] 3023 信邦  > 沿用既有
  [44/200] 2392 正崴  > 沿用既有
  [45/200] 2308 台達電  > 沿用既有
  [46/200] 2301 光寶科  > 沿用既有
  [47/200] 3015 全漢  > 沿用既有
  [48/200] 2317 鴻海  > 沿用既有
  [49/200] 6669 緯穎  > 沿用既有
  [50/200] 2382 廣達  > 沿用既有
  [51/200] 3231 緯創  > 沿用既有
  [52/200] 4938 和碩  > 沿用既有
  [53/200] 2376 技嘉  > 沿用既有
  [54/200] 2357 華碩  > 沿用既有
  [55/200] 2356 英業達  > 沿用既有
  [56/200] 3680 家登  > 沿用既有
  [57/200] 6510 精測  > 沿用既有
  [58/200] 6223 旺矽  > 沿用既有
  [59/200] 2360 致茂  > 沿用既有
  [60/200] 3481 群創  > 沿用既有
  [61/200] 4958 臻鼎-KY  > 沿用既有
  [62/200] 2409 友達  > 沿用既有
  [63/200] 6239 力成  > 沿用既有
  [64/200] 3711 日月光投控  > 沿用既有
  [65/200] 2337 旺宏  > 沿用既有
  [66/200] 1303 南亞  > 沿用既有
  [67/200] 2449 京元電子  > 沿用既有
  [68/200] 3008 大立光  > 沿用既有
  [69/200] 3105 穩懋  > 沿用既有
  [70/200] 2455 全新  > 沿用既有
  [71/200] 2345 智邦  > 沿用既有
  [72/200] 6182 合晶  > 沿用既有
  [73/200] 1301 台塑  > 沿用既有
  [74/200] 8996 高力  > 沿用既有
  [75/200] 1802 台玻  > 沿用既有
  [76/200] 2478 大毅  > 沿用既有
  [77/200] 3090 日電貿  > 沿用既有
  [78/200] 8150 南茂  > 沿用既有
  [79/200] 2002 中鋼  > 沿用既有
  [80/200] 2472 立隆電  > 沿用既有
  [81/200] 3260 威剛  > 沿用既有
  [82/200] 6116 彩晶  > 沿用既有
  [83/200] 8043 蜜望實  > 沿用既有
  [84/200] 1815 富喬  > 沿用既有
  [85/200] 6531 愛普*  > 沿用既有
  [86/200] 5351 鈺創  > 沿用既有
  [87/200] 1785 光洋科  > 沿用既有
  [88/200] 3491 昇達科  > 沿用既有
  [89/200] 4904 遠傳  > 沿用既有
  [90/200] 5274 信驊  > 沿用既有
  [91/200] 6207 雷科  > 沿用既有
  [92/200] 5483 中美晶  > 沿用既有
  [93/200] 6285 啟碁  > 沿用既有
  [94/200] 2207 和泰車  > 沿用既有
  [95/200] 3357 臺慶科  > 沿用既有
  [96/200] 3211 順達  > 沿用既有
  [97/200] 2375 凱美  > 沿用既有
  [98/200] 2404 漢唐  > 沿用既有
  [99/200] 6257 矽格  > 沿用既有
  [100/200] 6415 矽力*-KY  > 沿用既有
  [101/200] 4919 新唐  > 沿用既有
  [102/200] 3036 文曄  > 沿用既有
  [103/200] 3264 欣銓  > 沿用既有
  [104/200] 3406 玉晶光  > 沿用既有
  [105/200] 2464 盟立  > 沿用既有
  [106/200] 3006 晶豪科  > 沿用既有
  [107/200] 8064 東捷  > 沿用既有
  [108/200] 1519 華城  > 沿用既有
  [109/200] 2426 鼎元  > 沿用既有
  [110/200] 2603 長榮  > 沿用既有
  [111/200] 1513 中興電  > 沿用既有
  [112/200] 5347 世界  > 沿用既有
  [113/200] 2059 川湖  > 沿用既有
  [114/200] 3374 精材  > 沿用既有
  [115/200] 3131 弘塑  > 沿用既有
  [116/200] 6446 藥華藥  > 沿用既有
  [117/200] 6209 今國光  > 沿用既有
  [118/200] 6147 頎邦  > 沿用既有
  [119/200] 2486 一詮  > 沿用既有
  [120/200] 3624 光頡  > 沿用既有
  [121/200] 2618 長榮航  > 沿用既有
  [122/200] 3673 TPK-KY  > 沿用既有
  [123/200] 2324 仁寶  > 沿用既有
  [124/200] 3532 台勝科  > 沿用既有
  [125/200] 3707 漢磊  > 沿用既有
  [126/200] 5328 華容  > 沿用既有
  [127/200] 2351 順德  > 沿用既有
  [128/200] 3533 嘉澤  > 沿用既有
  [129/200] 2458 義隆  > 沿用既有
  [130/200] 6217 中探針  > 沿用既有
  [131/200] 3583 辛耘  > 沿用既有
  [132/200] 1605 華新  > 沿用既有
  [133/200] 6139 亞翔  > 沿用既有
  [134/200] 6451 訊芯-KY  > 沿用既有
  [135/200] 6449 鈺邦  > 沿用既有
  [136/200] 3702 大聯大  > 沿用既有
  [137/200] 4931 新盛力  > 沿用既有
  [138/200] 2610 華航  > 沿用既有
  [139/200] 8028 昇陽半導體  > 沿用既有
  [140/200] 6271 同欣電  > 沿用既有
  [141/200] 6789 采鈺  > 沿用既有
  [142/200] 6155 鈞寶  > 沿用既有
  [143/200] 2395 研華  > 沿用既有
  [144/200] 6488 環球晶  > 沿用既有
  [145/200] 1216 統一  > 沿用既有
  [146/200] 2388 威盛  > 沿用既有
  [147/200] 8096 擎亞  > 沿用既有
  [148/200] 3715 定穎投控  > 沿用既有
  [149/200] 6290 良維  > 沿用既有
  [150/200] 1503 士電  > 沿用既有
  [151/200] 2481 強茂  > 沿用既有
  [152/200] 2441 超豐  > 沿用既有
  [153/200] 6515 穎崴  > 沿用既有
  [154/200] 5871 中租-KY  > 沿用既有
  [155/200] 2451 創見  > 沿用既有
  [156/200] 2609 陽明  > 沿用既有
  [157/200] 6672 騰輝電子-KY  > 沿用既有
  [158/200] 1326 台化  > 沿用既有
  [159/200] 1590 亞德客-KY  > 沿用既有
  [160/200] 2353 宏碁  > 沿用既有
  [161/200] 6683 雍智科技  > 沿用既有
  [162/200] 8112 至上  > 沿用既有
  [163/200] 4764 雙鍵  > 沿用既有
  [164/200] 2377 微星  > 沿用既有
  [165/200] 3529 力旺  > 沿用既有
  [166/200] 2342 茂矽  > 沿用既有
  [167/200] 8210 勤誠  > 沿用既有
  [168/200] 2049 上銀  > 沿用既有
  [169/200] 6805 富世達  > 沿用既有
  [170/200] 2912 統一超  > 沿用既有
  [171/200] 3234 光環  > 沿用既有
  [172/200] 6197 佳必琪  > 沿用既有
  [173/200] 2474 可成  > 沿用既有
  [174/200] 3016 嘉晶  > 沿用既有
  [175/200] 3293 鈊象  > 沿用既有
  [176/200] 6187 萬潤  > 沿用既有
  [177/200] 4722 國精化  > 沿用既有
  [178/200] 3312 弘憶股  > 沿用既有
  [179/200] 6269 台郡  > 沿用既有
  [180/200] 3026 禾伸堂  > 沿用既有
  [181/200] 2412 中華電  > 沿用既有
  [182/200] 2302 麗正  > 沿用既有
  [183/200] 3362 先進光  > 沿用既有
  [184/200] 6727 亞泰金屬  > 沿用既有
  [185/200] 1504 東元  > 沿用既有
  [186/200] 2915 潤泰全  > 沿用既有
  [187/200] 6781 AES-KY  > 沿用既有
  [188/200] 3363 上詮  > 沿用既有
  [189/200] 2489 瑞軒  > 沿用既有
  [190/200] 3163 波若威  > 沿用既有
  [191/200] 8069 元太  > 沿用既有
  [192/200] 3019 亞光  > 沿用既有
  [193/200] 6278 台表科  > 沿用既有
  [194/200] 6442 光聖  > 沿用既有
  [195/200] 6175 立敦  > 沿用既有
  [196/200] 6742 澤米  > 沿用既有
  [197/200] 8081 致新  > 沿用既有
  [198/200] 8936 國統  > 沿用既有
  [199/200] 2428 興勤  > 沿用既有
  [200/200] 6196 帆宣  > 沿用既有

完成！已寫出 /home/runner/work/TaiwanStock_Analysis/TaiwanStock_Analysis/data/data.js
  新抓 0、沿用 200、略過 0；目前有資料 200/200 檔
  更新時間 2026-06-23T17:44:41+08:00
---------------------------------------------------
執行結束時間（台北）：2026-06-23 17:44:41 CST
程式結束碼（exit code）：0  （0=全部成功；2=部分缺漏，多因 FinMind 額度限制）
===================================================
